15:38:16 [INFO] run_main: loaded config experiments/configs/medium.yaml
15:38:16 [INFO] run_main: config: {'n_students': 1000, 't_steps': 100, 'master_seed': 42, 'method_seed': 1, 'n_bootstrap': 10000, 'behaviour_proportions': {'honest': 0.6, 'guesser': 0.15, 'copier': 0.1, 'help_seeker': 0.15}, 'retention_intervals_days': [1, 3, 7, 14], 'forgetting_lambda': 0.05, 'prereq_perturbation_eps': 0.1, 'n_jobs': -1}
15:38:16 [INFO] run_main: loading probability methodology from /home/nt/projects/article/l2t_simulation/methodologies/probability_basics.json
15:38:16 [INFO] run_main: probability: 88 vertices, 121 edges, 12 skills, 25 tasks, 18 transfer, 8 holdout
15:38:16 [INFO] run_main: generating synthetic methodology (seed=1)
15:38:16 [INFO] run_main: synthetic: 116 vertices, 265 edges, 10 skills, 40 tasks, 15 transfer, 8 holdout
15:38:16 [INFO] run_main: running B1_random on probability
15:38:25 [INFO] run_main:   done in 8.7s (1000 records, mean m_mastery=0.315, mean m_transfer=0.727)
15:38:25 [INFO] run_main: running B2_bkt on probability
15:38:31 [INFO] run_main:   done in 5.8s (1000 records, mean m_mastery=0.359, mean m_transfer=0.753)
15:38:31 [INFO] run_main: running B3_l2t_no_q on probability
15:38:36 [INFO] run_main:   done in 5.1s (1000 records, mean m_mastery=0.216, mean m_transfer=0.718)
15:38:36 [INFO] run_main: running B4_full_l2t on probability
15:38:41 [INFO] run_main:   done in 4.9s (1000 records, mean m_mastery=0.221, mean m_transfer=0.716)
15:38:41 [INFO] run_main: running B1_random on synthetic
15:38:46 [INFO] run_main:   done in 5.5s (1000 records, mean m_mastery=0.342, mean m_transfer=0.766)
15:38:46 [INFO] run_main: running B2_bkt on synthetic
15:38:52 [INFO] run_main:   done in 5.5s (1000 records, mean m_mastery=0.367, mean m_transfer=0.746)
15:38:52 [INFO] run_main: running B3_l2t_no_q on synthetic
15:38:57 [INFO] run_main:   done in 5.4s (1000 records, mean m_mastery=0.370, mean m_transfer=0.768)
15:38:57 [INFO] run_main: running B4_full_l2t on synthetic
15:39:03 [INFO] run_main:   done in 5.5s (1000 records, mean m_mastery=0.377, mean m_transfer=0.768)
15:39:07 [INFO] run_main: wrote /home/nt/projects/article/l2t_simulation/results/tables/main_results.csv
15:39:08 [INFO] run_main: H1: {'metric': 'm_robust', 'subsample': 'guesser+copier', 'n_b3': 205, 'n_b4': 42, 'mean_b3': 0.8362741249004796, 'mean_b4': 0.8285028254953067, 't': -0.27264278073045994, 'p_value': 0.6068117210222767, 'cohen_d': -0.05488401756188783, 'confirmed': False}
15:39:08 [INFO] run_main: H1b: {'metric': 'm_robust', 'comparison': 'L2T (B3+B4) vs Random (B1), pooled methodologies', 'n_b1': 769, 'n_l2t': 1310, 'mean_b1': 0.5523776586804656, 'mean_l2t': 0.8946183060626473, 't': 21.47217982227362, 'p_value': 4.041099284134322e-86, 'cohen_d': 1.031709343479606, 'confirmed': True}
15:39:08 [INFO] run_main: H4: {'violations_b3': 0, 'violations_b4': 0, 'n_b3': 2000, 'n_b4': 2000, 'h4_confirmed': True}
15:39:08 [INFO] run_main: running invariant verification (BFS on FSM)
15:39:09 [INFO] run_main: report at /home/nt/projects/article/l2t_simulation/results/report.html
