14:07:36 [INFO] run_main: loaded config experiments/configs/medium.yaml
14:07:36 [INFO] run_main: config: {'n_students': 1000, 't_steps': 100, 'master_seed': 42, 'method_seed': 1, 'n_bootstrap': 10000, 'behaviour_proportions': {'honest': 0.6, 'guesser': 0.15, 'copier': 0.1, 'help_seeker': 0.15}, 'retention_intervals_days': [1, 3, 7, 14], 'forgetting_lambda': 0.05, 'prereq_perturbation_eps': 0.1, 'n_jobs': -1}
14:07:36 [INFO] run_main: loading Fano methodology from /home/nt/projects/article/l2t_simulation/methodologies/fano.json
14:07:36 [INFO] run_main: fano: 44 vertices, 67 edges, 8 skills, 12 tasks, 1 transfer
14:07:36 [INFO] run_main: generating synthetic methodology (seed=1)
14:07:36 [INFO] run_main: synthetic: 116 vertices, 265 edges, 10 skills, 40 tasks
14:07:36 [INFO] run_main: running B1_random on fano
14:07:43 [INFO] run_main:   done in 7.1s (1000 records, mean m_mastery=0.261, mean m_transfer=0.762)
14:07:43 [INFO] run_main: running B2_bkt on fano
14:07:47 [INFO] run_main:   done in 4.0s (1000 records, mean m_mastery=0.274, mean m_transfer=0.761)
14:07:47 [INFO] run_main: running B3_l2t_no_q on fano
14:07:51 [INFO] run_main:   done in 3.9s (1000 records, mean m_mastery=0.242, mean m_transfer=0.758)
14:07:51 [INFO] run_main: running B4_full_l2t on fano
14:07:55 [INFO] run_main:   done in 4.1s (1000 records, mean m_mastery=0.248, mean m_transfer=0.752)
14:07:55 [INFO] run_main: running B1_random on synthetic
14:08:00 [INFO] run_main:   done in 4.7s (1000 records, mean m_mastery=0.344, mean m_transfer=0.761)
14:08:00 [INFO] run_main: running B2_bkt on synthetic
14:08:05 [INFO] run_main:   done in 4.9s (1000 records, mean m_mastery=0.367, mean m_transfer=0.744)
14:08:05 [INFO] run_main: running B3_l2t_no_q on synthetic
14:08:10 [INFO] run_main:   done in 4.8s (1000 records, mean m_mastery=0.271, mean m_transfer=0.750)
14:08:10 [INFO] run_main: running B4_full_l2t on synthetic
14:08:15 [INFO] run_main:   done in 5.2s (1000 records, mean m_mastery=0.287, mean m_transfer=0.743)
14:08:20 [INFO] run_main: wrote /home/nt/projects/article/l2t_simulation/results/tables/main_results.csv
14:08:20 [INFO] run_main: H1: {'metric': 'm_robust', 'subsample': 'guesser+copier', 'n_b3': 98, 'n_b4': 90, 'mean_b3': 0.8401276587872197, 'mean_b4': 0.8289295553285312, 't': -0.9681097914699024, 'p_value': 0.8325538598001161, 'cohen_d': -0.14328195491500378, 'confirmed': False}
14:08:20 [INFO] run_main: H4: {'violations_b3': 0, 'violations_b4': 0, 'n_b3': 1000, 'n_b4': 1000, 'h4_confirmed': True}
14:08:20 [INFO] run_main: running invariant verification (BFS on FSM)
14:08:21 [INFO] run_main: report at /home/nt/projects/article/l2t_simulation/results/report.html
