17:44:17 [INFO] run_main: loaded config experiments/configs/medium.yaml
17:44:17 [INFO] run_main: config: {'n_students': 1000, 't_steps': 100, 'master_seed': 42, 'method_seed': 1, 'n_bootstrap': 10000, 'behaviour_proportions': {'honest': 0.6, 'guesser': 0.15, 'copier': 0.1, 'help_seeker': 0.15}, 'retention_intervals_days': [1, 3, 7, 14], 'forgetting_lambda': 0.05, 'prereq_perturbation_eps': 0.1, 'n_jobs': -1}
17:44:17 [INFO] run_main: loading probability methodology from /home/nt/projects/article/l2t_simulation/methodologies/probability_basics.json
17:44:17 [INFO] run_main: probability: 102 vertices, 249 edges, 12 skills, 37 tasks, 18 transfer, 8 holdout
17:44:17 [INFO] run_main: generating synthetic methodology (seed=1)
17:44:17 [INFO] run_main: synthetic: 116 vertices, 265 edges, 10 skills, 40 tasks, 15 transfer, 8 holdout
17:44:18 [INFO] run_main: running B1_random on probability
17:44:27 [INFO] run_main:   done in 9.1s (1000 records, mean m_mastery=0.333, mean m_transfer=0.734)
17:44:27 [INFO] run_main: running B2_bkt on probability
17:44:32 [INFO] run_main:   done in 5.5s (1000 records, mean m_mastery=0.354, mean m_transfer=0.719)
17:44:32 [INFO] run_main: running B3_l2t_no_q on probability
17:44:38 [INFO] run_main:   done in 5.5s (1000 records, mean m_mastery=0.333, mean m_transfer=0.782)
17:44:38 [INFO] run_main: running B4_full_l2t on probability
17:44:43 [INFO] run_main:   done in 5.5s (1000 records, mean m_mastery=0.332, mean m_transfer=0.775)
17:44:43 [INFO] run_main: running B1_random on synthetic
17:44:49 [INFO] run_main:   done in 5.9s (1000 records, mean m_mastery=0.342, mean m_transfer=0.766)
17:44:49 [INFO] run_main: running B2_bkt on synthetic
17:44:55 [INFO] run_main:   done in 6.0s (1000 records, mean m_mastery=0.367, mean m_transfer=0.746)
17:44:55 [INFO] run_main: running B3_l2t_no_q on synthetic
17:45:01 [INFO] run_main:   done in 6.0s (1000 records, mean m_mastery=0.381, mean m_transfer=0.770)
17:45:01 [INFO] run_main: running B4_full_l2t on synthetic
17:45:07 [INFO] run_main:   done in 6.2s (1000 records, mean m_mastery=0.384, mean m_transfer=0.768)
17:45:13 [INFO] run_main: wrote /home/nt/projects/article/l2t_simulation/results/tables/main_results.csv
17:45:13 [INFO] run_main: H1: {'metric': 'm_robust', 'subsample': 'guesser+copier', 'n_b3': 124, 'n_b4': 0, 't': None, 'p_value': None, 'cohen_d': None, 'confirmed': False, 'note': 'insufficient low-q transfer observations to evaluate'}
17:45:13 [INFO] run_main: H1b: {'metric': 'm_robust', 'comparison': 'L2T (B3+B4) vs Random (B1), pooled methodologies', 'n_b1': 737, 'n_l2t': 224, 'mean_b1': 0.5425109876790399, 'mean_l2t': 0.8597741242701967, 't': 14.259447354999095, 'p_value': 3.3669283294913157e-40, 'cohen_d': 0.9525154704771633, 'confirmed': True}
17:45:13 [INFO] run_main: H4: {'violations_b3': 0, 'violations_b4': 0, 'n_b3': 2000, 'n_b4': 2000, 'h4_confirmed': True}
17:45:13 [INFO] run_main: running invariant verification (BFS on FSM)
17:45:15 [INFO] run_main: report at /home/nt/projects/article/l2t_simulation/results/report.html
