14:55:18 [INFO] run_main: loaded config experiments/configs/medium.yaml
14:55:18 [INFO] run_main: config: {'n_students': 1000, 't_steps': 100, 'master_seed': 42, 'method_seed': 1, 'n_bootstrap': 10000, 'behaviour_proportions': {'honest': 0.6, 'guesser': 0.15, 'copier': 0.1, 'help_seeker': 0.15}, 'retention_intervals_days': [1, 3, 7, 14], 'forgetting_lambda': 0.05, 'prereq_perturbation_eps': 0.1, 'n_jobs': -1}
14:55:18 [INFO] run_main: loading Fano methodology from /home/nt/projects/article/l2t_simulation/methodologies/fano.json
14:55:18 [INFO] run_main: fano: 44 vertices, 67 edges, 8 skills, 12 tasks, 1 transfer
14:55:18 [INFO] run_main: generating synthetic methodology (seed=1)
14:55:18 [INFO] run_main: synthetic: 116 vertices, 265 edges, 10 skills, 40 tasks
14:55:18 [INFO] run_main: running B1_random on fano
14:55:25 [INFO] run_main:   done in 7.2s (1000 records, mean m_mastery=0.261, mean m_transfer=0.762)
14:55:25 [INFO] run_main: running B2_bkt on fano
14:55:30 [INFO] run_main:   done in 4.5s (1000 records, mean m_mastery=0.274, mean m_transfer=0.761)
14:55:30 [INFO] run_main: running B3_l2t_no_q on fano
14:55:34 [INFO] run_main:   done in 3.8s (1000 records, mean m_mastery=0.266, mean m_transfer=0.752)
14:55:34 [INFO] run_main: running B4_full_l2t on fano
14:55:37 [INFO] run_main:   done in 3.1s (1000 records, mean m_mastery=0.273, mean m_transfer=0.730)
14:55:37 [INFO] run_main: running B1_random on synthetic
14:55:41 [INFO] run_main:   done in 4.4s (1000 records, mean m_mastery=0.342, mean m_transfer=0.766)
14:55:41 [INFO] run_main: running B2_bkt on synthetic
14:55:46 [INFO] run_main:   done in 4.7s (1000 records, mean m_mastery=0.367, mean m_transfer=0.746)
14:55:46 [INFO] run_main: running B3_l2t_no_q on synthetic
14:55:50 [INFO] run_main:   done in 4.5s (1000 records, mean m_mastery=0.370, mean m_transfer=0.768)
14:55:50 [INFO] run_main: running B4_full_l2t on synthetic
14:55:55 [INFO] run_main:   done in 4.6s (1000 records, mean m_mastery=0.377, mean m_transfer=0.768)
14:55:59 [INFO] run_main: wrote /home/nt/projects/article/l2t_simulation/results/tables/main_results.csv
14:56:00 [INFO] run_main: H1: {'metric': 'm_robust', 'subsample': 'guesser+copier', 'n_b3': 18, 'n_b4': 0, 't': None, 'p_value': None, 'cohen_d': None, 'confirmed': False, 'note': 'insufficient low-q transfer observations to evaluate'}
14:56:00 [INFO] run_main: H1b: {'metric': 'm_robust', 'comparison': 'L2T (B3+B4) vs Random (B1), pooled methodologies', 'n_b1': 609, 'n_l2t': 671, 'mean_b1': 0.4730392167584285, 'mean_l2t': 0.8973488740169175, 't': 21.311055670095726, 'p_value': 1.071770498347855e-82, 'cohen_d': 1.207843951195286, 'confirmed': True}
14:56:00 [INFO] run_main: H4: {'violations_b3': 0, 'violations_b4': 0, 'n_b3': 1000, 'n_b4': 1000, 'h4_confirmed': True}
14:56:00 [INFO] run_main: running invariant verification (BFS on FSM)
14:56:01 [INFO] run_main: report at /home/nt/projects/article/l2t_simulation/results/report.html
