16:05:34 [INFO] run_main: loaded config experiments/configs/medium.yaml
16:05:34 [INFO] run_main: config: {'n_students': 1000, 't_steps': 100, 'master_seed': 42, 'method_seed': 1, 'n_bootstrap': 10000, 'behaviour_proportions': {'honest': 0.6, 'guesser': 0.15, 'copier': 0.1, 'help_seeker': 0.15}, 'retention_intervals_days': [1, 3, 7, 14], 'forgetting_lambda': 0.05, 'prereq_perturbation_eps': 0.1, 'n_jobs': -1}
16:05:34 [INFO] run_main: loading probability methodology from /home/nt/projects/article/l2t_simulation/methodologies/probability_basics.json
16:05:34 [INFO] run_main: probability: 88 vertices, 232 edges, 12 skills, 25 tasks, 18 transfer, 8 holdout
16:05:34 [INFO] run_main: generating synthetic methodology (seed=1)
16:05:34 [INFO] run_main: synthetic: 116 vertices, 265 edges, 10 skills, 40 tasks, 15 transfer, 8 holdout
16:05:34 [INFO] run_main: running B1_random on probability
16:05:43 [INFO] run_main:   done in 9.1s (1000 records, mean m_mastery=0.348, mean m_transfer=0.751)
16:05:43 [INFO] run_main: running B2_bkt on probability
16:05:49 [INFO] run_main:   done in 5.8s (1000 records, mean m_mastery=0.388, mean m_transfer=0.769)
16:05:49 [INFO] run_main: running B3_l2t_no_q on probability
16:05:54 [INFO] run_main:   done in 5.7s (1000 records, mean m_mastery=0.258, mean m_transfer=0.745)
16:05:54 [INFO] run_main: running B4_full_l2t on probability
16:06:00 [INFO] run_main:   done in 5.8s (1000 records, mean m_mastery=0.250, mean m_transfer=0.736)
16:06:00 [INFO] run_main: running B1_random on synthetic
16:06:06 [INFO] run_main:   done in 5.9s (1000 records, mean m_mastery=0.342, mean m_transfer=0.766)
16:06:06 [INFO] run_main: running B2_bkt on synthetic
16:06:12 [INFO] run_main:   done in 6.2s (1000 records, mean m_mastery=0.367, mean m_transfer=0.746)
16:06:12 [INFO] run_main: running B3_l2t_no_q on synthetic
16:06:18 [INFO] run_main:   done in 6.1s (1000 records, mean m_mastery=0.381, mean m_transfer=0.770)
16:06:18 [INFO] run_main: running B4_full_l2t on synthetic
16:06:24 [INFO] run_main:   done in 5.8s (1000 records, mean m_mastery=0.384, mean m_transfer=0.768)
16:06:29 [INFO] run_main: wrote /home/nt/projects/article/l2t_simulation/results/tables/main_results.csv
16:06:29 [INFO] run_main: H1: {'metric': 'm_robust', 'subsample': 'guesser+copier', 'n_b3': 66, 'n_b4': 0, 't': None, 'p_value': None, 'cohen_d': None, 'confirmed': False, 'note': 'insufficient low-q transfer observations to evaluate'}
16:06:29 [INFO] run_main: H1b: {'metric': 'm_robust', 'comparison': 'L2T (B3+B4) vs Random (B1), pooled methodologies', 'n_b1': 769, 'n_l2t': 151, 'mean_b1': 0.5721382218566355, 'mean_l2t': 0.8874059990763292, 't': 12.866627167599347, 'p_value': 2.525444658661685e-31, 'cohen_d': 0.9526652327988537, 'confirmed': True}
16:06:29 [INFO] run_main: H4: {'violations_b3': 0, 'violations_b4': 0, 'n_b3': 2000, 'n_b4': 2000, 'h4_confirmed': True}
16:06:29 [INFO] run_main: running invariant verification (BFS on FSM)
16:06:31 [INFO] run_main: report at /home/nt/projects/article/l2t_simulation/results/report.html
